[2025-11-25 21:14:34] RECV client=4 SEARCH_MOVIE Inception

[2025-11-25 21:14:34] SEND client=4 OK SEARCH_MOVIE FOUND 1

[2025-11-25 21:14:34] SEND client=4 MOVIE 12 Inception SciFi 148

[2025-11-25 21:14:34] SEND client=4 END

[2025-11-25 21:14:49] RECV client=4 LIST_MOVIE GENRE Action

[2025-11-25 21:14:49] SEND client=4 OK LIST_MOVIE FOUND 2

[2025-11-25 21:14:49] SEND client=4 MOVIE 10 Avengers:_Endgame Action 180

[2025-11-25 21:14:49] SEND client=4 MOVIE 11 Avengers:_Infinity_War Action 160

[2025-11-25 21:14:49] SEND client=4 END

[2025-11-25 21:15:01] RECV client=4 LIST_MOVIE GENRE A

[2025-11-25 21:15:01] SEND client=4 OK LIST_MOVIE EMPTY 0

[2025-11-25 21:15:01] SEND client=4 END

[2025-11-25 21:15:28] RECV client=4 LIST_MOVIE CINEMA LOTTE_01

[2025-11-25 21:15:28] SEND client=4 OK LIST_MOVIE FOUND 1

[2025-11-25 21:15:28] SEND client=4 MOVIE 12 Inception SciFi 148

[2025-11-25 21:15:28] SEND client=4 END

[2025-11-25 21:20:20] INFO client=4 INFO New_connection
[2025-11-25 21:20:25] RECV client=4 LOGIN tuan 1234

[2025-11-25 21:20:25] SEND client=4 OK LOGIN LOGIN_OK CUSTOMER

[2025-11-25 21:20:45] RECV client=4 SEARCH_MOVIE Avenger: Endgame

[2025-11-25 21:20:45] SEND client=4 OK SEARCH_MOVIE EMPTY 0

[2025-11-25 21:20:45] SEND client=4 END

[2025-11-25 21:21:17] RECV client=4 SEARCH_MOVIE Avengers: Endgame

[2025-11-25 21:21:17] SEND client=4 OK SEARCH_MOVIE FOUND 2

[2025-11-25 21:21:17] SEND client=4 MOVIE 10 Avengers:_Endgame Action 180

[2025-11-25 21:21:17] SEND client=4 MOVIE 11 Avengers:_Infinity_War Action 160

[2025-11-25 21:21:17] SEND client=4 END

[2025-11-25 21:22:45] RECV client=4 LIST_MOVIE GENRE Action

[2025-11-25 21:22:45] SEND client=4 OK LIST_MOVIE FOUND 2

[2025-11-25 21:22:45] SEND client=4 MOVIE 10 Avengers:_Endgame Action 180

[2025-11-25 21:22:45] SEND client=4 MOVIE 11 Avengers:_Infinity_War Action 160

[2025-11-25 21:22:45] SEND client=4 END

[2025-11-25 21:23:08] RECV client=4 LIST_MOVIE CINEMA CGV_01

[2025-11-25 21:23:08] SEND client=4 OK LIST_MOVIE FOUND 2

[2025-11-25 21:23:08] SEND client=4 MOVIE 10 Avengers:_Endgame Action 180

[2025-11-25 21:23:08] SEND client=4 MOVIE 11 Avengers:_Infinity_War Action 160

[2025-11-25 21:23:08] SEND client=4 END

[2025-11-25 21:25:56] INFO client=4 INFO New_connection
[2025-11-25 21:26:00] RECV client=4 LOGIN tuan  1234

[2025-11-25 21:26:00] SEND client=4 OK LOGIN LOGIN_OK CUSTOMER

[2025-11-25 21:26:29] RECV client=4 SEARCH_MOVIE Avengers: Endgame

[2025-11-25 21:26:29] SEND client=4 OK SEARCH_MOVIE FOUND 2

[2025-11-25 21:26:29] SEND client=4 MOVIE 10 Avengers:_Endgame Action 180

[2025-11-25 21:26:29] SEND client=4 MOVIE 11 Avengers:_Infinity_War Action 160

[2025-11-25 21:26:29] SEND client=4 END

[2025-11-25 21:26:39] RECV client=4 SEARCH_MOVIE Inception

[2025-11-25 21:26:39] SEND client=4 OK SEARCH_MOVIE FOUND 1

[2025-11-25 21:26:39] SEND client=4 MOVIE 12 Inception SciFi 148

[2025-11-25 21:26:39] SEND client=4 END

[2025-11-25 21:26:45] RECV client=4 LIST_MOVIE GENRE Action

[2025-11-25 21:26:45] SEND client=4 OK LIST_MOVIE FOUND 2

[2025-11-25 21:26:45] SEND client=4 MOVIE 10 Avengers:_Endgame Action 180

[2025-11-25 21:26:45] SEND client=4 MOVIE 11 Avengers:_Infinity_War Action 160

[2025-11-25 21:26:45] SEND client=4 END

[2025-11-25 21:27:02] RECV client=4 LIST_MOVIE GENRE SciFi

[2025-11-25 21:27:02] SEND client=4 OK LIST_MOVIE FOUND 1

[2025-11-25 21:27:02] SEND client=4 MOVIE 12 Inception SciFi 148

[2025-11-25 21:27:02] SEND client=4 END

[2025-11-25 21:27:13] RECV client=4 LIST_MOVIE CINEMA CGV_01

[2025-11-25 21:27:13] SEND client=4 OK LIST_MOVIE FOUND 2

[2025-11-25 21:27:13] SEND client=4 MOVIE 10 Avengers:_Endgame Action 180

[2025-11-25 21:27:13] SEND client=4 MOVIE 11 Avengers:_Infinity_War Action 160

[2025-11-25 21:27:13] SEND client=4 END

[2025-11-25 21:27:25] RECV client=4 LIST_MOVIE CINEMA LOTTE_01

[2025-11-25 21:27:25] SEND client=4 OK LIST_MOVIE FOUND 1

[2025-11-25 21:27:25] SEND client=4 MOVIE 12 Inception SciFi 148

[2025-11-25 21:27:25] SEND client=4 END

[2025-11-25 21:27:56] RECV client=4 LIST_MOVIE TIMESLOT 2024-05-02_19:30-22:30

[2025-11-25 21:27:56] SEND client=4 OK LIST_MOVIE FOUND 1

[2025-11-25 21:27:56] SEND client=4 MOVIE 12 Inception SciFi 148

[2025-11-25 21:27:56] SEND client=4 END

[2025-11-25 21:28:43] RECV client=4 LOGIN tuan 1234

[2025-11-25 21:28:43] SEND client=4 OK LOGIN LOGIN_OK CUSTOMER

[2025-11-25 21:28:50] RECV client=4 SEARCH_MOVIE Avengers

[2025-11-25 21:28:50] SEND client=4 OK SEARCH_MOVIE FOUND 2

[2025-11-25 21:28:50] SEND client=4 MOVIE 10 Avengers:_Endgame Action 180

[2025-11-25 21:28:50] SEND client=4 MOVIE 11 Avengers:_Infinity_War Action 160

[2025-11-25 21:28:50] SEND client=4 END

[2025-11-25 21:28:59] RECV client=4 SEARCH_MOVIE Inception

[2025-11-25 21:28:59] SEND client=4 OK SEARCH_MOVIE FOUND 1

[2025-11-25 21:28:59] SEND client=4 MOVIE 12 Inception SciFi 148

[2025-11-25 21:28:59] SEND client=4 END

[2025-11-25 21:29:25] RECV client=4 LIST_MOVIE TIMESLOT 2024-05-01_19:30-22:30

[2025-11-25 21:29:25] SEND client=4 OK LIST_MOVIE FOUND 2

[2025-11-25 21:29:25] SEND client=4 MOVIE 10 Avengers:_Endgame Action 180

[2025-11-25 21:29:25] SEND client=4 MOVIE 11 Avengers:_Infinity_War Action 160

[2025-11-25 21:29:25] SEND client=4 END

[2025-11-25 21:41:12] RECV client=4 LIST_MOVIE TIMESLOT 2024-05-02_19:30-23:00

[2025-11-25 21:41:12] SEND client=4 OK LIST_MOVIE FOUND 1

[2025-11-25 21:41:12] SEND client=4 MOVIE 12 Inception SciFi 148

[2025-11-25 21:41:12] SEND client=4 END

[2025-11-25 21:52:33] INFO client=4 INFO Connection_closed
[2025-11-25 21:53:31] INFO client=4 INFO New_connection
[2025-11-25 21:53:39] RECV client=4 LOGIN tuan 1234

[2025-11-25 21:53:39] SEND client=4 OK LOGIN LOGIN_OK CUSTOMER

[2025-11-25 21:53:50] RECV client=4 SEARCH_MOVIE Avengers

[2025-11-25 21:53:50] SEND client=4 OK SEARCH_MOVIE FOUND 2

[2025-11-25 21:53:50] SEND client=4 MOVIE 10 Avengers:_Endgame Action 180

[2025-11-25 21:53:50] SEND client=4 MOVIE 11 Avengers:_Infinity_War Action 160

[2025-11-25 21:53:50] SEND client=4 END

[2025-11-25 21:53:54] INFO client=4 INFO Connection_closed
[2025-11-25 21:54:00] INFO client=4 INFO New_connection
[2025-11-25 21:54:04] RECV client=4 LOGIN tuan 1234

[2025-11-25 21:54:04] SEND client=4 OK LOGIN LOGIN_OK CUSTOMER

[2025-11-25 21:54:28] RECV client=4 SEARCH_MOVIE INception

[2025-11-25 21:54:28] SEND client=4 OK SEARCH_MOVIE EMPTY 0

[2025-11-25 21:54:28] SEND client=4 END

[2025-11-25 21:54:37] RECV client=4 SEARCH_MOVIE Inception

[2025-11-25 21:54:37] SEND client=4 OK SEARCH_MOVIE FOUND 1

[2025-11-25 21:54:37] SEND client=4 MOVIE 12 Inception SciFi 148

[2025-11-25 21:54:37] SEND client=4 END

[2025-11-25 21:54:44] RECV client=4 LIST_MOVIE GENRE ACtion

[2025-11-25 21:54:44] SEND client=4 OK LIST_MOVIE EMPTY 0

[2025-11-25 21:54:44] SEND client=4 END

[2025-11-25 21:54:53] RECV client=4 LIST_MOVIE GENRE Action

[2025-11-25 21:54:53] SEND client=4 OK LIST_MOVIE FOUND 2

[2025-11-25 21:54:53] SEND client=4 MOVIE 10 Avengers:_Endgame Action 180

[2025-11-25 21:54:53] SEND client=4 MOVIE 11 Avengers:_Infinity_War Action 160

[2025-11-25 21:54:53] SEND client=4 END

[2025-11-25 21:55:07] RECV client=4 LIST_MOVIE GENRE SciFi

[2025-11-25 21:55:07] SEND client=4 OK LIST_MOVIE FOUND 1

[2025-11-25 21:55:07] SEND client=4 MOVIE 12 Inception SciFi 148

[2025-11-25 21:55:07] SEND client=4 END

[2025-11-25 21:55:18] RECV client=4 LIST_MOVIE CINEMA LOTTE_01

[2025-11-25 21:55:18] SEND client=4 OK LIST_MOVIE FOUND 1

[2025-11-25 21:55:18] SEND client=4 MOVIE 12 Inception SciFi 148

[2025-11-25 21:55:18] SEND client=4 END

[2025-11-25 21:55:30] RECV client=4 LIST_MOVIE CINEMA CGV_01

[2025-11-25 21:55:30] SEND client=4 OK LIST_MOVIE FOUND 2

[2025-11-25 21:55:30] SEND client=4 MOVIE 10 Avengers:_Endgame Action 180

[2025-11-25 21:55:30] SEND client=4 MOVIE 11 Avengers:_Infinity_War Action 160

[2025-11-25 21:55:30] SEND client=4 END

[2025-11-25 21:55:47] RECV client=4 LIST_MOVIE TIMESLOT 2024-05-01_19:00-

[2025-11-25 21:55:47] SEND client=4 ERR LIST_MOVIE INVALID_ARGS Bad_filter

[2025-11-25 21:56:15] RECV client=4 LIST_MOVIE TIMESLOT 2024-05-01_19:00-23:00

[2025-11-25 21:56:15] SEND client=4 OK LIST_MOVIE FOUND 2

[2025-11-25 21:56:15] SEND client=4 MOVIE 10 Avengers:_Endgame Action 180

[2025-11-25 21:56:15] SEND client=4 MOVIE 11 Avengers:_Infinity_War Action 160

[2025-11-25 21:56:15] SEND client=4 END

[2025-11-25 21:56:20] RECV client=4 QUIT

[2025-11-25 21:56:20] SEND client=4 OK QUIT BYE

[2025-11-25 22:12:36] INFO client=4 INFO New_connection
[2025-11-25 22:12:49] RECV client=4 REGISTER diep 1234

[2025-11-25 22:12:49] SEND client=4 OK REGISTER USER_CREATED

[2025-11-25 22:12:52] RECV client=4 LOGIN diep 1234

[2025-11-25 22:12:52] SEND client=4 OK LOGIN LOGIN_OK CUSTOMER

[2025-11-25 22:13:03] RECV client=4 SEARCH_MOVIE Avengers

[2025-11-25 22:13:03] SEND client=4 OK SEARCH_MOVIE FOUND 2

[2025-11-25 22:13:03] SEND client=4 MOVIE 10 Avengers:_Endgame Action 180

[2025-11-25 22:13:03] SEND client=4 MOVIE 11 Avengers:_Infinity_War Action 160

[2025-11-25 22:13:03] SEND client=4 END

[2025-11-25 22:13:06] INFO client=4 INFO Connection_closed
